
[TestNew/0-width-height - 1]

---

[TestNew/basic-viewport - 1]
 test content                                                                   
 line 2                                                                         
 line 3                                                                         
                                                                                
                                                                                
                                                                                
                                                                                
                                                                                
                                                                                
                                                                                
                                                                                
                                                                                
                                                                                
                                                                                
                                                                                
                                                                                
                                                                                
                                                                                
                                                                                
                                                                                
                                                                                
                                                                                
                                                                                
                                                                                
---

[TestNew/code-content - 1]
 [3m[mfunc[m[m [m[mtest[m[m([m[m)[m[m [m[m{[m[m[m                                                                  
 [m    [m[mreturn[m[m [m[mtrue[m[m[m                                                                
 [m}[m                                                                              
                                                                                
                                                                                
                                                                                
                                                                                
                                                                                
                                                                                
                                                                                
                                                                                
                                                                                
                                                                                
                                                                                
                                                                                
                                                                                
                                                                                
                                                                                
                                                                                
                                                                                
                                                                                
                                                                                
                                                                                
                                                                                
---

[TestNew/content-larger-than-height - 1]
 test content                                                                  [mâ”ƒ[m
 test content                                                                  [mâ”ƒ[m
 test content                                                                  [mâ”ƒ[m
 test content                                                                  [mâ”ƒ[m
 test content                                                                  [mâ”ƒ[m
 test content                                                                  [mâ”ƒ[m
 test content                                                                  [mâ”ƒ[m
 test content                                                                  [mâ”ƒ[m
 test content                                                                  [mâ”ƒ[m
 test content                                                                  [mâ”ƒ[m
 test content                                                                  [mâ”ƒ[m
 test content                                                                  [mâ”ƒ[m
 test content                                                                  [mâ”ƒ[m
 test content                                                                  [mâ”ƒ[m
 test content                                                                  [mâ”ƒ[m
 test content                                                                  [mâ”ƒ[m
 test content                                                                  [mâ”ƒ[m
 test content                                                                  [mâ”ƒ[m
 test content                                                                  [mâ”ƒ[m
 test content                                                                  [mâ”ƒ[m
 test content                                                                  [mâ”ƒ[m
 test content                                                                  [mâ”ƒ[m
 test content                                                                  [mâ”ƒ[m
 test content                                                                  [mâ”ƒ[m
---

[TestNew/content-larger-than-height-at-bottom - 1]
 test content                                                                  [mâ”ƒ[m
 test content                                                                  [mâ”ƒ[m
 test content                                                                  [mâ”ƒ[m
 test content                                                                  [mâ”ƒ[m
 test content                                                                  [mâ”ƒ[m
 test content                                                                  [mâ”ƒ[m
 test content                                                                  [mâ”ƒ[m
 test content                                                                  [mâ”ƒ[m
 test content                                                                  [mâ”ƒ[m
 test content                                                                  [mâ”ƒ[m
 test content                                                                  [mâ”ƒ[m
 test content                                                                  [mâ”ƒ[m
 test content                                                                  [mâ”ƒ[m
 test content                                                                  [mâ”ƒ[m
 test content                                                                  [mâ”ƒ[m
 test content                                                                  [mâ”ƒ[m
 test content                                                                  [mâ”ƒ[m
 test content                                                                  [mâ”ƒ[m
 test content                                                                  [mâ”ƒ[m
 test content                                                                  [mâ”ƒ[m
 test content                                                                  [mâ”ƒ[m
 test content                                                                  [mâ”ƒ[m
 test content                                                                  [mâ”ƒ[m
 test content                                                                  [mâ”ƒ[m
---

[TestNew/empty-content - 1]
                                                                                
                                                                                
                                                                                
                                                                                
                                                                                
                                                                                
                                                                                
                                                                                
                                                                                
                                                                                
                                                                                
                                                                                
                                                                                
                                                                                
                                                                                
                                                                                
                                                                                
                                                                                
                                                                                
                                                                                
                                                                                
                                                                                
                                                                                
                                                                                
---

[TestNew/json-content - 1]
 [m{[m[m[m                                                                              
 [m    [m[m"name"[m[m:[m[m [m[m"test"[m[m,[m[m[m                                                            
 [m    [m[m"value"[m[m:[m[m [m[m123[m[m[m                                                               
 [m}[m                                                                              
                                                                                
                                                                                
                                                                                
                                                                                
                                                                                
                                                                                
                                                                                
                                                                                
                                                                                
                                                                                
                                                                                
                                                                                
                                                                                
                                                                                
                                                                                
                                                                                
                                                                                
                                                                                
                                                                                
                                                                                
---
