
[TestNew/empty-content - 1]

---

[TestNew/go-code-content - 1]
 func test() {                                                                  
     return true                                                                
 }                                                                              
---

[TestNew/json-content - 1]
 {"name": "test", "value": 123}                                                 
---

[TestNew/larger-than-term-size - 1]
 test content                                                                                      ┃
 test content                                                                                      ┃
 test content                                                                                      ┃
 test content                                                                                      ┃
 test content                                                                                      ┃
 test content                                                                                      ┃
 test content                                                                                      ┃
 test content                                                                                      ┃
 test content                                                                                      ┃
 test content                                                                                      ┃
 test content                                                                                      ┃
 test content                                                                                      ┃
 test content                                                                                      ┃
 test content                                                                                      ┃
 test content                                                                                      ┃
---

[TestNew/zero-dimensions - 1]

---

[TestNew/basic-text-content - 1]
 test content                                                                   
 line 2                                                                         
 line 3                                                                         
---
