
[TestNew/2_errors - 1]
                                                                                
                                                                                
                                                                                
                                                                                
                                                                                
                                                                                
                                                                                
                                                                                
                                                                                
                                                                                
                     [m[m2 errors[m [m/[m[m/[m[m/[m[m/[m[m/[m[m/[m[m/[m[m/[m[m/[m[m/[m[m/[m[m/[m[m/[m[m/[m[m/[m[m/[m[m/[m[m/[m[m/[m[m/[m[m/[m[m/[m[m/[m[m/[m[m/[m[m/[m[m/[m[m/[m[m                      
                    [m [m[mâ€¼ test error 1[m[m [m[m                       [m                     
                                                                                
                    [m [m[mâ€¼ test error 2[m[m [m[m                       [m                     
                                                                                
                                                                                
                                                                                
                                                                                
                                                                                
                                                                                
                                                                                
                                                                                
                                                                                
                                                                                
---

[TestNew/too-many-errors - 1]
                                                                                
                                                                                
                                                                                
                                                                                
                                                                                
                                                                                
                                                                                
                                                                                
                                                                                
                                                                                
                                                                                
                     [m[m1 errors[m [m/[m[m/[m[m/[m[m/[m[m/[m[m/[m[m/[m[m/[m[m/[m[m/[m[m/[m[m/[m[m/[m[m/[m[m/[m[m/[m[m/[m[m/[m[m/[m[m/[m[m/[m[m/[m[m/[m[m/[m[m/[m[m/[m[m/[m[m/[m[m                      
                    [m [m[mâ€¼ 1 error(s) not shown (screen size)[m[m [m[m [m                     
                                                                                
                                                                                
                                                                                
                                                                                
                                                                                
                                                                                
                                                                                
                                                                                
                                                                                
                                                                                
                                                                                
---

[TestNew/0-width-height - 1]

---
