                                                                                
                                                                                
                                                                                
                                                                                
                                                                                
                                                                                
                                                                                
                                                                                
                                                                                
                                                                                
                                 [m[m2 errors[m [m/[m[m/[m[m/[m[m/[m[m/[m[m                                 
                                [m [m[mâ€¼ test error 1[m[m [m                                
                                                                                
                                [m [m[mâ€¼ test error 2[m[m [m                                
                                                                                
                                                                                
                                                                                
                                                                                
                                                                                
                                                                                
                                                                                
                                                                                
                                                                                
                                                                                